{
  "version": "1.5.0",
  "plugins_used": [
    {
      "name": "ArtifactoryDetector"
    },
    {
      "name": "AWSKeyDetector"
    },
    {
      "name": "AzureStorageKeyDetector"
    },
    {
      "name": "Base64HighEntropyString",
      "limit": 4.5
    },
    {
      "name": "BasicAuthDetector"
    },
    {
      "name": "CloudantDetector"
    },
    {
      "name": "DiscordBotTokenDetector"
    },
    {
      "name": "GitHubTokenDetector"
    },
    {
      "name": "GitLabTokenDetector"
    },
    {
      "name": "HexHighEntropyString",
      "limit": 3.0
    },
    {
      "name": "IbmCloudIamDetector"
    },
    {
      "name": "IbmCosHmacDetector"
    },
    {
      "name": "IPPublicDetector"
    },
    {
      "name": "JwtTokenDetector"
    },
    {
      "name": "KeywordDetector",
      "keyword_exclude": ""
    },
    {
      "name": "MailchimpDetector"
    },
    {
      "name": "NpmDetector"
    },
    {
      "name": "OpenAIDetector"
    },
    {
      "name": "PrivateKeyDetector"
    },
    {
      "name": "PypiTokenDetector"
    },
    {
      "name": "SendGridDetector"
    },
    {
      "name": "SlackDetector"
    },
    {
      "name": "SoftlayerDetector"
    },
    {
      "name": "SquareOAuthDetector"
    },
    {
      "name": "StripeDetector"
    },
    {
      "name": "TelegramBotTokenDetector"
    },
    {
      "name": "TwilioKeyDetector"
    }
  ],
  "filters_used": [
    {
      "path": "detect_secrets.filters.allowlist.is_line_allowlisted"
    },
    {
      "path": "detect_secrets.filters.common.is_baseline_file",
      "filename": ".secrets.baseline"
    },
    {
      "path": "detect_secrets.filters.common.is_ignored_due_to_verification_policies",
      "min_level": 2
    },
    {
      "path": "detect_secrets.filters.heuristic.is_indirect_reference"
    },
    {
      "path": "detect_secrets.filters.heuristic.is_likely_id_string"
    },
    {
      "path": "detect_secrets.filters.heuristic.is_lock_file"
    },
    {
      "path": "detect_secrets.filters.heuristic.is_not_alphanumeric_string"
    },
    {
      "path": "detect_secrets.filters.heuristic.is_potential_uuid"
    },
    {
      "path": "detect_secrets.filters.heuristic.is_prefixed_with_dollar_sign"
    },
    {
      "path": "detect_secrets.filters.heuristic.is_sequential_string"
    },
    {
      "path": "detect_secrets.filters.heuristic.is_swagger_file"
    },
    {
      "path": "detect_secrets.filters.heuristic.is_templated_secret"
    },
    {
      "path": "detect_secrets.filters.regex.should_exclude_file",
      "pattern": [
        "\\.lock$",
        "\\.env\\.example$",
        "bandit-report\\.json$",
        "^tests/",
        "security-report\\.json$"
      ]
    }
  ],
  "results": {
    ".github/workflows/ci.yml": [
      {
        "type": "Secret Keyword",
        "filename": ".github/workflows/ci.yml",
        "hashed_secret": "afc848c316af1a89d49826c5ae9d00ed769415f3",
        "is_verified": false,
        "line_number": 534
      },
      {
        "type": "Secret Keyword",
        "filename": ".github/workflows/ci.yml",
        "hashed_secret": "3a3d7b7e075bd261881a3163a23a4ab6c73196b0",
        "is_verified": false,
        "line_number": 555
      },
      {
        "type": "Secret Keyword",
        "filename": ".github/workflows/ci.yml",
        "hashed_secret": "c2d5095a691fc265bd7dba8e174f66718f5f52fb",
        "is_verified": false,
        "line_number": 555
      },
      {
        "type": "Secret Keyword",
        "filename": ".github/workflows/ci.yml",
        "hashed_secret": "a94a8fe5ccb19ba61c4c0873d391e987982fbbd3",
        "is_verified": false,
        "line_number": 899
      },
      {
        "type": "Basic Auth Credentials",
        "filename": ".github/workflows/ci.yml",
        "hashed_secret": "a94a8fe5ccb19ba61c4c0873d391e987982fbbd3",
        "is_verified": false,
        "line_number": 946
      },
      {
        "type": "Secret Keyword",
        "filename": ".github/workflows/ci.yml",
        "hashed_secret": "71cadc7ae2997690ed0a1899ba50985d998f4da4",
        "is_verified": false,
        "line_number": 1002
      },
      {
        "type": "Basic Auth Credentials",
        "filename": ".github/workflows/ci.yml",
        "hashed_secret": "71cadc7ae2997690ed0a1899ba50985d998f4da4",
        "is_verified": false,
        "line_number": 1052
      },
      {
        "type": "Secret Keyword",
        "filename": ".github/workflows/ci.yml",
        "hashed_secret": "aad9b65bcacf1c2f6251d6d4ad7659b1ee8b4683",
        "is_verified": false,
        "line_number": 1133
      }
    ],
    ".github/workflows/integration-tests.yml": [
      {
        "type": "Secret Keyword",
        "filename": ".github/workflows/integration-tests.yml",
        "hashed_secret": "9fb7fe1217aed442b04c0f5e43b5d5a7d3287097",
        "is_verified": false,
        "line_number": 42
      },
      {
        "type": "Secret Keyword",
        "filename": ".github/workflows/integration-tests.yml",
        "hashed_secret": "f8231630068fb1fd343ead79e6f5a1bc490b1bfc",
        "is_verified": false,
        "line_number": 83
      }
    ],
    "claude-providers.json": [
      {
        "type": "Secret Keyword",
        "filename": "claude-providers.json",
        "hashed_secret": "f8ca0d7266886f4b5be9adddc9b66017b3bf1a4b",
        "is_verified": false,
        "line_number": 7
      },
      {
        "type": "Secret Keyword",
        "filename": "claude-providers.json",
        "hashed_secret": "bdba56f9c45777a67fbbb1b889fe2c54579f4627",
        "is_verified": false,
        "line_number": 53
      },
      {
        "type": "Secret Keyword",
        "filename": "claude-providers.json",
        "hashed_secret": "42d3638a0db95f52db472ec13c59793551dad7cb",
        "is_verified": false,
        "line_number": 76
      }
    ],
    "consumers/DEPLOYMENT.md": [
      {
        "type": "Secret Keyword",
        "filename": "consumers/DEPLOYMENT.md",
        "hashed_secret": "a6778f1880744bd1a342a8e3789135412d8f9da2",
        "is_verified": false,
        "line_number": 266
      }
    ],
    "docs/SECURITY.md": [
      {
        "type": "Secret Keyword",
        "filename": "docs/SECURITY.md",
        "hashed_secret": "1ccebc9638f47c80fc388173e346b2fa51178cca",
        "is_verified": false,
        "line_number": 139
      }
    ],
    "docs/architecture/SERVICE-BOUNDARIES.md": [
      {
        "type": "Secret Keyword",
        "filename": "docs/architecture/SERVICE-BOUNDARIES.md",
        "hashed_secret": "1cf4c502ddd89b918c4bfefea76dadd590693b48",
        "is_verified": false,
        "line_number": 616
      }
    ],
    "docs/security/BANDIT_CONFIGURATION.md": [
      {
        "type": "Secret Keyword",
        "filename": "docs/security/BANDIT_CONFIGURATION.md",
        "hashed_secret": "5baa61e4c9b93f3f0682250b6cf8331b7ee68fd8",
        "is_verified": false,
        "line_number": 120
      }
    ],
    "plugins/onex/agents/configs/commit.yaml": [
      {
        "type": "Secret Keyword",
        "filename": "plugins/onex/agents/configs/commit.yaml",
        "hashed_secret": "b5cec341d60add4e7e5594cb5b1924545e4ba174",
        "is_verified": false,
        "line_number": 179
      }
    ],
    "plugins/onex/skills/curate-legacy/prompt.md": [
      {
        "type": "Base64 High Entropy String",
        "filename": "plugins/onex/skills/curate-legacy/prompt.md",
        "hashed_secret": "56166080464470bd1b88536eb9b07d20dfd4d129",
        "is_verified": false,
        "line_number": 212
      }
    ],
    "plugins/onex/skills/redeploy/SKILL.md": [
      {
        "type": "Base64 High Entropy String",
        "filename": "plugins/onex/skills/redeploy/SKILL.md",
        "hashed_secret": "e7048441ce6eb7fd93978f74374387381323c67d",
        "is_verified": false,
        "line_number": 136
      }
    ],
    "plugins/onex/skills/release/SKILL.md": [
      {
        "type": "Base64 High Entropy String",
        "filename": "plugins/onex/skills/release/SKILL.md",
        "hashed_secret": "2caeef894a098d60a80f0187f08bb30d2133fc3a",
        "is_verified": false,
        "line_number": 402
      }
    ],
    "scripts/debug_loop_cli.py": [
      {
        "type": "Secret Keyword",
        "filename": "scripts/debug_loop_cli.py",
        "hashed_secret": "ebad04f2ffccc527abe7817356bb105c2e39ba62",
        "is_verified": false,
        "line_number": 81
      }
    ],
    "scripts/validate-env.sh": [
      {
        "type": "Secret Keyword",
        "filename": "scripts/validate-env.sh",
        "hashed_secret": "d033e22ae348aeb5660fc2140aec35850c4da997",
        "is_verified": false,
        "line_number": 141
      }
    ],
    "scripts/validation/validate_secrets.py": [
      {
        "type": "Secret Keyword",
        "filename": "scripts/validation/validate_secrets.py",
        "hashed_secret": "1ded3053d0363079a4e681a3b700435d6d880290",
        "is_verified": false,
        "line_number": 42
      },
      {
        "type": "Secret Keyword",
        "filename": "scripts/validation/validate_secrets.py",
        "hashed_secret": "a94a8fe5ccb19ba61c4c0873d391e987982fbbd3",
        "is_verified": false,
        "line_number": 546
      }
    ],
    "src/omniclaude/config/settings.py": [
      {
        "type": "Basic Auth Credentials",
        "filename": "src/omniclaude/config/settings.py",
        "hashed_secret": "5baa61e4c9b93f3f0682250b6cf8331b7ee68fd8",
        "is_verified": false,
        "line_number": 29
      }
    ]
  },
  "generated_at": "2026-03-02T12:06:40Z"
}
